
> frontend@0.1.0 build
> next build

node.exe : ΓÜá 
Warning: Next.js 
inferred your 
workspace root, but 
it may not be 
correct.
At line:1 char:1
+ & "C:\Program Files
\nodejs/node.exe" 
"C:\Program 
Files\nodejs/node_mo 
...
+ ~~~~~~~~~~~~~~~~~~~
~~~~~~~~~~~~~~~~~~~~~
~~~~~~~~~~~~~~~~~~~~~
~~~~~~~~
    + CategoryInfo   
           : NotSpe  
  cified: (ΓÜá War   
 ning: Ne...not b    
e correct.:Strin    
g) [], RemoteExc    
eption
    + FullyQualified 
   ErrorId : Native  
  CommandError
 
 We detected 
multiple lockfiles 
and selected the 
directory of C:\Users
\visha\package-lock.j
son as the root 
directory.
 To silence this 
warning, set 
`turbopack.root` in 
your Next.js config, 
or consider removing 
one of the lockfiles 
if it's not needed.
   See https://nextjs
.org/docs/app/api-ref
erence/config/next-co
nfig-js/turbopack#roo
t-directory for more 
information.
 Detected additional 
lockfiles: 
   * C:\Users\visha\O
neDrive\Desktop\pharm
aguard\frontend\packa
ge-lock.json

Γû▓ Next.js 16.1.6 (Turbopack)

  Creating an optimized production build ...

> Build error 
occurred
Error: Turbopack 
build failed with 1 
errors:
./OneDrive/Desktop/ph
armaguard/frontend/sr
c/components/SmoothSc
roller.tsx:5:1
Module not found: 
Can't resolve '@studi
o-freight/lenis'
[0m [90m 3 |[39m 
[36mimport[39m { 
useEffect } 
[36mfrom[39m [32m"
react"[39m[33m;[39
m
 [90m 4 |[39m 
[90m// 
@ts-ignore[39m
[31m[1m>[22m[39m
[90m 5 |[39m 
[36mimport[39m 
[33mLenis[39m 
[36mfrom[39m [32m"
@studio-freight/lenis
"[39m[33m;[39m
 [90m   |[39m [31m
[1m^[22m[39m[31m
[1m^[22m[39m[31m[
1m^[22m[39m[31m[1
m^[22m[39m[31m[1m
^[22m[39m[31m[1m^
[22m[39m[31m[1m^
[22m[39m[31m[1m^[
22m[39m[31m[1m^[2
2m[39m[31m[1m^[22
m[39m[31m[1m^[22m
[39m[31m[1m^[22m
[39m[31m[1m^[22m[
39m[31m[1m^[22m[3
9m[31m[1m^[22m[39
m[31m[1m^[22m[39m
[31m[1m^[22m[39m
[31m[1m^[22m[39m[
31m[1m^[22m[39m[3
1m[1m^[22m[39m[31
m[1m^[22m[39m[31m
[1m^[22m[39m[31m
[1m^[22m[39m[31m[
1m^[22m[39m[31m[1
m^[22m[39m[31m[1m
^[22m[39m[31m[1m^
[22m[39m[31m[1m^
[22m[39m[31m[1m^[
22m[39m[31m[1m^[2
2m[39m[31m[1m^[22
m[39m[31m[1m^[22m
[39m[31m[1m^[22m
[39m[31m[1m^[22m[
39m[31m[1m^[22m[3
9m[31m[1m^[22m[39
m[31m[1m^[22m[39m
[31m[1m^[22m[39m
[31m[1m^[22m[39m[
31m[1m^[22m[39m[3
1m[1m^[22m[39m[31
m[1m^[22m[39m
 [90m 6 |[39m
 [90m 7 |[39m 
[36mexport[39m 
[36mdefault[39m 
[36mfunction[39m [
33mSmoothScroller[39
m({ children 
}[33m:[39m { 
children[33m:[39m 
[33mReact[39m[33m.
[39m[33mReactNode[3
9m }) {
 [90m 8 |[39m     
useEffect(() 
[33m=>[39m {[0m



Import trace:
  Server Component:
    ./OneDrive/Deskto
p/pharmaguard/fronten
d/src/components/Smoo
thScroller.tsx
    ./OneDrive/Deskto
p/pharmaguard/fronten
d/src/app/page.tsx

https://nextjs.org/do
cs/messages/module-no
t-found


    at <unknown> (./O
neDrive/Desktop/pharm
aguard/frontend/src/c
omponents/SmoothScrol
ler.tsx:5:1)
    at <unknown> (htt
ps://nextjs.org/docs/
messages/module-not-f
ound)
